≡ƒº¬ Testing Facebook/Instagram API...

1∩╕ÅΓâú Testing access token validity...
Γ£à Access token valid!
   User: Sardar Bilal
   ID: 4008350852736511

2∩╕ÅΓâú Fetching Facebook Pages...
Γ£à Found 11 page(s):
   1. Test1234567 (ID: 867343513137281)
   2. VXMP (ID: 664171870123725)
   3. Miami Vice Fan Show (ID: 525953260601087)
   4. The Dick Van Dyke Lounge (ID: 556009857589404)
   5. Cheers TV Show Fans (ID: 525749823952024)
   6. Clips.Stream (ID: 507402549124578)
   7. TrendTroopers (ID: 317422198112036)
   8. Fashionista Swat (ID: 290202674176799)
   9. Sardarcollections (ID: 2285403258186103)
   10. Galiyat Shawls (ID: 118746360405986)
   11. Karwan E Wali travel & tours (ID: 232871007623676)

3∩╕ÅΓâú Testing Instagram connection...
Γ¥î Instagram not accessible with this token
   Error: Invalid OAuth access token - Cannot parse access token
